Starting >>> m5_tactical_planner
-- The CXX compiler identification is GNU 11.4.0
-- Detecting CXX compiler ABI info
-- Detecting CXX compiler ABI info - done
-- Check for working CXX compiler: /usr/bin/c++ - skipped
-- Detecting CXX compile features
-- Detecting CXX compile features - done
-- Found ament_cmake: 1.3.14 (/opt/ros/humble/share/ament_cmake/cmake)
-- Found Python3: /usr/bin/python3 (found version "3.10.12") found components: Interpreter
-- Found rclcpp: 16.0.19 (/opt/ros/humble/share/rclcpp/cmake)
-- Found rosidl_generator_c: 3.1.8 (/opt/ros/humble/share/rosidl_generator_c/cmake)
-- Found rosidl_adapter: 3.1.8 (/opt/ros/humble/share/rosidl_adapter/cmake)
-- Found rosidl_generator_cpp: 3.1.8 (/opt/ros/humble/share/rosidl_generator_cpp/cmake)
-- Using all available rosidl_typesupport_c: rosidl_typesupport_fastrtps_c;rosidl_typesupport_introspection_c
-- Using all available rosidl_typesupport_cpp: rosidl_typesupport_fastrtps_cpp;rosidl_typesupport_introspection_cpp
-- Found rmw_implementation_cmake: 6.1.2 (/opt/ros/humble/share/rmw_implementation_cmake/cmake)
-- Found rmw_fastrtps_cpp: 6.2.10 (/opt/ros/humble/share/rmw_fastrtps_cpp/cmake)
-- Found OpenSSL: /usr/lib/x86_64-linux-gnu/libcrypto.so (found version "3.0.2")
-- Found FastRTPS: /opt/ros/humble/include
-- Using RMW implementation 'rmw_fastrtps_cpp' as default
-- Looking for C++ include pthread.h
-- Looking for C++ include pthread.h - found
-- Performing Test CMAKE_HAVE_LIBC_PTHREAD
-- Performing Test CMAKE_HAVE_LIBC_PTHREAD - Success
-- Found Threads: TRUE
-- Found l3_msgs: 0.2.0 (/opt/ws/install/l3_msgs/share/l3_msgs/cmake)
-- Found l3_external_msgs: 0.1.0 (/opt/ws/install/l3_external_msgs/share/l3_external_msgs/cmake)
-- Found ship_interfaces: 0.0.0 (/opt/ws/install/ship_interfaces/share/ship_interfaces/cmake)
-- Found l3_risk_model: 1.0.0 (/opt/ws/install/l3_risk_model/share/l3_risk_model/cmake)
-- M5: acados production backend enabled (P1b-1b) — codegen + solver lib will be built and linked into m5_shared_lib
-- Found Boost: /usr/lib/x86_64-linux-gnu/cmake/Boost-1.74.0/BoostConfig.cmake (found version "1.74.0") found components: headers
-- Found ament_lint_auto: 0.12.15 (/opt/ros/humble/share/ament_lint_auto/cmake)
-- Added test 'cppcheck' to perform static code analysis on C / C++ code
-- Configured cppcheck include dirs: $<BUILD_INTERFACE:/tmp/bench_on/src/m5_tactical_planner/include>;/tmp/bench_on/src/m5_tactical_planner/test/external/acados_backend/c_generated_code;/tmp/bench_on/src/m5_tactical_planner/test
-- Configured cppcheck exclude dirs and/or files:
-- Configuring done
-- Generating done
-- Build files have been written to: /tmp/bench_on/build/m5_tactical_planner
[  3%] Built target m5_acados_solver_lib
[  6%] Building CXX object CMakeFiles/m5_shared_lib.dir/src/avoidance_route_hash.cpp.o
[ 10%] Building CXX object CMakeFiles/m5_shared_lib.dir/src/gnc_preflight.cpp.o
[ 13%] Building CXX object CMakeFiles/m5_shared_lib.dir/src/common/units.cpp.o
[ 17%] Building CXX object CMakeFiles/m5_shared_lib.dir/src/shared/vessel_dynamics_model.cpp.o
[ 20%] Building CXX object CMakeFiles/m5_shared_lib.dir/src/common/time_alignment.cpp.o
[ 24%] Building CXX object CMakeFiles/m5_shared_lib.dir/src/committed_route/committed_route.cpp.o
[ 27%] Building CXX object CMakeFiles/m5_shared_lib.dir/src/shared/trajectory_propagator.cpp.o
[ 34%] Building CXX object CMakeFiles/m5_shared_lib.dir/src/common/types.cpp.o
[ 34%] Building CXX object CMakeFiles/m5_shared_lib.dir/src/shared/relative_track.cpp.o
[ 37%] Building CXX object CMakeFiles/m5_shared_lib.dir/src/shared/capability_manifest.cpp.o
[ 37%] Building CXX object CMakeFiles/m5_shared_lib.dir/src/shared/cpa_calculator.cpp.o
[ 41%] Building CXX object CMakeFiles/m5_shared_lib.dir/src/common/sha256.cpp.o
[ 44%] Building CXX object CMakeFiles/m5_shared_lib.dir/src/bc_mpc/bc_mpc_solver.cpp.o
[ 48%] Building CXX object CMakeFiles/m5_shared_lib.dir/src/common/error.cpp.o
[ 51%] Building CXX object CMakeFiles/m5_shared_lib.dir/src/bc_mpc/bc_mpc_override_generator.cpp.o
[ 55%] Building CXX object CMakeFiles/m5_shared_lib.dir/src/bc_mpc/bc_mpc_collision_detector.cpp.o
[ 58%] Building CXX object CMakeFiles/m5_shared_lib.dir/src/bc_mpc/bc_mpc_branch_formulation.cpp.o
[ 62%] Building CXX object CMakeFiles/m5_shared_lib.dir/src/mid_mpc/nomoto_fallback.cpp.o
[ 68%] Building CXX object CMakeFiles/m5_shared_lib.dir/src/mid_mpc/degraded_candidate_adapter.cpp.o
[ 68%] Building CXX object CMakeFiles/m5_shared_lib.dir/src/mid_mpc/mid_mpc_per_stage_tb.cpp.o
[ 72%] Building CXX object CMakeFiles/m5_shared_lib.dir/src/tail_builder/tail_builder.cpp.o
[ 72%] Building CXX object CMakeFiles/m5_shared_lib.dir/src/shared/constraint_compiler.cpp.o
[ 75%] Building CXX object CMakeFiles/m5_shared_lib.dir/src/mid_mpc/mid_mpc_nlp_formulation.cpp.o
[ 79%] Building CXX object CMakeFiles/m5_shared_lib.dir/src/mid_mpc/mid_mpc_solver.cpp.o
[ 82%] Building CXX object CMakeFiles/m5_shared_lib.dir/src/mid_mpc/mid_mpc_waypoint_generator.cpp.o
[ 86%] Building CXX object CMakeFiles/m5_shared_lib.dir/src/mid_mpc/mid_mpc_acados_formulation.cpp.o
[ 89%] Building CXX object CMakeFiles/m5_shared_lib.dir/src/mid_mpc/mid_mpc_acados_solver.cpp.o
In file included from /usr/include/boost/math/tools/cxx03_warn.hpp:9,
                 from /usr/include/boost/math/constants/constants.hpp:11,
                 from /usr/include/boost/geometry/util/math.hpp:29,
                 from /usr/include/boost/geometry/core/radian_access.hpp:33,
                 from /usr/include/boost/geometry/geometry.hpp:51,
                 from /usr/include/boost/geometry.hpp:17,
                 from /tmp/bench_on/src/m5_tactical_planner/src/shared/constraint_compiler.cpp:5:
/usr/include/boost/detail/no_exceptions_support.hpp:17:1: note: ‘#pragma message: This header is deprecated. Use <boost/core/no_exceptions_support.hpp> instead.’
   17 | BOOST_HEADER_DEPRECATED("<boost/core/no_exceptions_support.hpp>")
      | ^~~~~~~~~~~~~~~~~~~~~~~
[ 93%] Linking CXX static library libm5_shared_lib.a
[ 93%] Built target m5_shared_lib
[ 96%] Building CXX object CMakeFiles/rule14_bench_runner.dir/test/external/rule14_ho_benchmark/runner_rule14.cpp.o
[100%] Linking CXX executable rule14_bench_runner
[100%] Built target rule14_bench_runner
--- stderr: m5_tactical_planner
In file included from /usr/include/boost/math/tools/cxx03_warn.hpp:9,
                 from /usr/include/boost/math/constants/constants.hpp:11,
                 from /usr/include/boost/geometry/util/math.hpp:29,
                 from /usr/include/boost/geometry/core/radian_access.hpp:33,
                 from /usr/include/boost/geometry/geometry.hpp:51,
                 from /usr/include/boost/geometry.hpp:17,
                 from /tmp/bench_on/src/m5_tactical_planner/src/shared/constraint_compiler.cpp:5:
/usr/include/boost/detail/no_exceptions_support.hpp:17:1: note: ‘#pragma message: This header is deprecated. Use <boost/core/no_exceptions_support.hpp> instead.’
   17 | BOOST_HEADER_DEPRECATED("<boost/core/no_exceptions_support.hpp>")
      | ^~~~~~~~~~~~~~~~~~~~~~~
---
Finished <<< m5_tactical_planner [11.2s]

Summary: 1 package finished [11.4s]
  1 package had stderr output: m5_tactical_planner
